Analysis & Synthesis report for Perudo_Datapath
Wed Feb 27 17:37:39 2019
Quartus II 32-bit Version 12.0 Build 178 05/31/2012 SJ Web Edition


---------------------
; Table of Contents ;
---------------------
  1. Legal Notice
  2. Analysis & Synthesis Summary
  3. Analysis & Synthesis Settings
  4. Parallel Compilation
  5. Analysis & Synthesis Messages



----------------
; Legal Notice ;
----------------
Copyright (C) 1991-2012 Altera Corporation
Your use of Altera Corporation's design tools, logic functions 
and other software and tools, and its AMPP partner logic 
functions, and any output files from any of the foregoing 
(including device programming or simulation files), and any 
associated documentation or information are expressly subject 
to the terms and conditions of the Altera Program License 
Subscription Agreement, Altera MegaCore Function License 
Agreement, or other applicable license agreement, including, 
without limitation, that your use is for the sole purpose of 
programming logic devices manufactured by Altera and sold by 
Altera or its authorized distributors.  Please refer to the 
applicable agreement for further details.



+-------------------------------------------------------------------------------+
; Analysis & Synthesis Summary                                                  ;
+------------------------------------+------------------------------------------+
; Analysis & Synthesis Status        ; Failed - Wed Feb 27 17:37:38 2019        ;
; Quartus II 32-bit Version          ; 12.0 Build 178 05/31/2012 SJ Web Edition ;
; Revision Name                      ; Perudo_Datapath                          ;
; Top-level Entity Name              ; Perudo_Datapath                          ;
; Family                             ; Cyclone IV GX                            ;
; Total logic elements               ; N/A until Partition Merge                ;
;     Total combinational functions  ; N/A until Partition Merge                ;
;     Dedicated logic registers      ; N/A until Partition Merge                ;
; Total registers                    ; N/A until Partition Merge                ;
; Total pins                         ; N/A until Partition Merge                ;
; Total virtual pins                 ; N/A until Partition Merge                ;
; Total memory bits                  ; N/A until Partition Merge                ;
; Embedded Multiplier 9-bit elements ; N/A until Partition Merge                ;
; Total GXB Receiver Channel PCS     ; N/A until Partition Merge                ;
; Total GXB Receiver Channel PMA     ; N/A until Partition Merge                ;
; Total GXB Transmitter Channel PCS  ; N/A until Partition Merge                ;
; Total GXB Transmitter Channel PMA  ; N/A until Partition Merge                ;
; Total PLLs                         ; N/A until Partition Merge                ;
+------------------------------------+------------------------------------------+


+----------------------------------------------------------------------------------------------------------------------+
; Analysis & Synthesis Settings                                                                                        ;
+----------------------------------------------------------------------------+--------------------+--------------------+
; Option                                                                     ; Setting            ; Default Value      ;
+----------------------------------------------------------------------------+--------------------+--------------------+
; Top-level entity name                                                      ; Perudo_Datapath    ; Perudo_Datapath    ;
; Family name                                                                ; Cyclone IV GX      ; Cyclone IV GX      ;
; Use smart compilation                                                      ; Off                ; Off                ;
; Enable parallel Assembler and TimeQuest Timing Analyzer during compilation ; On                 ; On                 ;
; Enable compact report table                                                ; Off                ; Off                ;
; Restructure Multiplexers                                                   ; Auto               ; Auto               ;
; Create Debugging Nodes for IP Cores                                        ; Off                ; Off                ;
; Preserve fewer node names                                                  ; On                 ; On                 ;
; Disable OpenCore Plus hardware evaluation                                  ; Off                ; Off                ;
; Verilog Version                                                            ; Verilog_2001       ; Verilog_2001       ;
; VHDL Version                                                               ; VHDL_1993          ; VHDL_1993          ;
; State Machine Processing                                                   ; Auto               ; Auto               ;
; Safe State Machine                                                         ; Off                ; Off                ;
; Extract Verilog State Machines                                             ; On                 ; On                 ;
; Extract VHDL State Machines                                                ; On                 ; On                 ;
; Ignore Verilog initial constructs                                          ; Off                ; Off                ;
; Iteration limit for constant Verilog loops                                 ; 5000               ; 5000               ;
; Iteration limit for non-constant Verilog loops                             ; 250                ; 250                ;
; Add Pass-Through Logic to Inferred RAMs                                    ; On                 ; On                 ;
; Infer RAMs from Raw Logic                                                  ; On                 ; On                 ;
; Parallel Synthesis                                                         ; On                 ; On                 ;
; DSP Block Balancing                                                        ; Auto               ; Auto               ;
; NOT Gate Push-Back                                                         ; On                 ; On                 ;
; Power-Up Don't Care                                                        ; On                 ; On                 ;
; Remove Redundant Logic Cells                                               ; Off                ; Off                ;
; Remove Duplicate Registers                                                 ; On                 ; On                 ;
; Ignore CARRY Buffers                                                       ; Off                ; Off                ;
; Ignore CASCADE Buffers                                                     ; Off                ; Off                ;
; Ignore GLOBAL Buffers                                                      ; Off                ; Off                ;
; Ignore ROW GLOBAL Buffers                                                  ; Off                ; Off                ;
; Ignore LCELL Buffers                                                       ; Off                ; Off                ;
; Ignore SOFT Buffers                                                        ; On                 ; On                 ;
; Limit AHDL Integers to 32 Bits                                             ; Off                ; Off                ;
; Optimization Technique                                                     ; Balanced           ; Balanced           ;
; Carry Chain Length                                                         ; 70                 ; 70                 ;
; Auto Carry Chains                                                          ; On                 ; On                 ;
; Auto Open-Drain Pins                                                       ; On                 ; On                 ;
; Perform WYSIWYG Primitive Resynthesis                                      ; Off                ; Off                ;
; Auto ROM Replacement                                                       ; On                 ; On                 ;
; Auto RAM Replacement                                                       ; On                 ; On                 ;
; Auto DSP Block Replacement                                                 ; On                 ; On                 ;
; Auto Shift Register Replacement                                            ; Auto               ; Auto               ;
; Allow Shift Register Merging across Hierarchies                            ; Auto               ; Auto               ;
; Auto Clock Enable Replacement                                              ; On                 ; On                 ;
; Strict RAM Replacement                                                     ; Off                ; Off                ;
; Allow Synchronous Control Signals                                          ; On                 ; On                 ;
; Force Use of Synchronous Clear Signals                                     ; Off                ; Off                ;
; Auto RAM Block Balancing                                                   ; On                 ; On                 ;
; Auto RAM to Logic Cell Conversion                                          ; Off                ; Off                ;
; Auto Resource Sharing                                                      ; Off                ; Off                ;
; Allow Any RAM Size For Recognition                                         ; Off                ; Off                ;
; Allow Any ROM Size For Recognition                                         ; Off                ; Off                ;
; Allow Any Shift Register Size For Recognition                              ; Off                ; Off                ;
; Use LogicLock Constraints during Resource Balancing                        ; On                 ; On                 ;
; Ignore translate_off and synthesis_off directives                          ; Off                ; Off                ;
; Timing-Driven Synthesis                                                    ; On                 ; On                 ;
; Report Parameter Settings                                                  ; On                 ; On                 ;
; Report Source Assignments                                                  ; On                 ; On                 ;
; Report Connectivity Checks                                                 ; On                 ; On                 ;
; Ignore Maximum Fan-Out Assignments                                         ; Off                ; Off                ;
; Synchronization Register Chain Length                                      ; 2                  ; 2                  ;
; PowerPlay Power Optimization                                               ; Normal compilation ; Normal compilation ;
; HDL message level                                                          ; Level2             ; Level2             ;
; Suppress Register Optimization Related Messages                            ; Off                ; Off                ;
; Number of Removed Registers Reported in Synthesis Report                   ; 5000               ; 5000               ;
; Number of Swept Nodes Reported in Synthesis Report                         ; 5000               ; 5000               ;
; Number of Inverted Registers Reported in Synthesis Report                  ; 100                ; 100                ;
; Clock MUX Protection                                                       ; On                 ; On                 ;
; Auto Gated Clock Conversion                                                ; Off                ; Off                ;
; Block Design Naming                                                        ; Auto               ; Auto               ;
; SDC constraint protection                                                  ; Off                ; Off                ;
; Synthesis Effort                                                           ; Auto               ; Auto               ;
; Shift Register Replacement - Allow Asynchronous Clear Signal               ; On                 ; On                 ;
; Analysis & Synthesis Message Level                                         ; Medium             ; Medium             ;
; Disable Register Merging Across Hierarchies                                ; Auto               ; Auto               ;
; Resource Aware Inference For Block RAM                                     ; On                 ; On                 ;
; Synthesis Seed                                                             ; 1                  ; 1                  ;
+----------------------------------------------------------------------------+--------------------+--------------------+


Parallel compilation was disabled, but you have multiple processors available. Enable parallel compilation to reduce compilation time.
+-------------------------------------+
; Parallel Compilation                ;
+----------------------------+--------+
; Processors                 ; Number ;
+----------------------------+--------+
; Number detected on machine ; 4      ;
; Maximum allowed            ; 1      ;
+----------------------------+--------+


+-------------------------------+
; Analysis & Synthesis Messages ;
+-------------------------------+
Info: *******************************************************************
Info: Running Quartus II 32-bit Analysis & Synthesis
    Info: Version 12.0 Build 178 05/31/2012 SJ Web Edition
    Info: Processing started: Wed Feb 27 17:37:36 2019
Info: Command: quartus_map --read_settings_files=on --write_settings_files=off Perudo_Datapath -c Perudo_Datapath
Warning (20028): Parallel compilation is not licensed and has been disabled
Info (12021): Found 2 design units, including 0 entities, in source file perudo_package.vhd
    Info (12022): Found design unit 1: perudo_package
    Info (12022): Found design unit 2: perudo_package-body
Info (12021): Found 2 design units, including 1 entities, in source file perudo_datapath.vhd
    Info (12022): Found design unit 1: Perudo_Datapath-RTL
    Info (12023): Found entity 1: Perudo_Datapath
Info (12127): Elaborating entity "Perudo_Datapath" for the top level hierarchy
Warning (10631): VHDL Process Statement warning at Perudo_Datapath.vhd(80): inferring latch(es) for signal or variable "PARTITA_INIZIATA", which holds its previous value in one or more paths through the process
Warning (10492): VHDL Process Statement warning at Perudo_Datapath.vhd(100): signal "indice_turno_giocatore" is read inside the Process Statement but isn't in the Process Statement's sensitivity list
Warning (10492): VHDL Process Statement warning at Perudo_Datapath.vhd(100): signal "giocatori_in_campo" is read inside the Process Statement but isn't in the Process Statement's sensitivity list
Warning (10492): VHDL Process Statement warning at Perudo_Datapath.vhd(101): signal "giocatori_in_campo" is read inside the Process Statement but isn't in the Process Statement's sensitivity list
Warning (10492): VHDL Process Statement warning at Perudo_Datapath.vhd(101): signal "indice_turno_giocatore" is read inside the Process Statement but isn't in the Process Statement's sensitivity list
Warning (10492): VHDL Process Statement warning at Perudo_Datapath.vhd(104): signal "giocatori_in_campo" is read inside the Process Statement but isn't in the Process Statement's sensitivity list
Warning (10492): VHDL Process Statement warning at Perudo_Datapath.vhd(104): signal "indice_turno_giocatore" is read inside the Process Statement but isn't in the Process Statement's sensitivity list
Warning (10492): VHDL Process Statement warning at Perudo_Datapath.vhd(105): signal "numero_giocatori_in_campo" is read inside the Process Statement but isn't in the Process Statement's sensitivity list
Warning (10492): VHDL Process Statement warning at Perudo_Datapath.vhd(108): signal "numero_giocatori_in_campo" is read inside the Process Statement but isn't in the Process Statement's sensitivity list
Warning (10492): VHDL Process Statement warning at Perudo_Datapath.vhd(112): signal "indice_turno_giocatore" is read inside the Process Statement but isn't in the Process Statement's sensitivity list
Warning (10492): VHDL Process Statement warning at Perudo_Datapath.vhd(112): signal "numero_giocatori_in_campo" is read inside the Process Statement but isn't in the Process Statement's sensitivity list
Warning (10492): VHDL Process Statement warning at Perudo_Datapath.vhd(113): signal "giocatori_in_campo" is read inside the Process Statement but isn't in the Process Statement's sensitivity list
Warning (10631): VHDL Process Statement warning at Perudo_Datapath.vhd(97): inferring latch(es) for signal or variable "giocatori_in_campo", which holds its previous value in one or more paths through the process
Warning (10631): VHDL Process Statement warning at Perudo_Datapath.vhd(97): inferring latch(es) for signal or variable "numero_giocatori_in_campo", which holds its previous value in one or more paths through the process
Warning (10631): VHDL Process Statement warning at Perudo_Datapath.vhd(97): inferring latch(es) for signal or variable "FINE_PARTITA", which holds its previous value in one or more paths through the process
Warning (10492): VHDL Process Statement warning at Perudo_Datapath.vhd(121): signal "indice_turno_giocatore" is read inside the Process Statement but isn't in the Process Statement's sensitivity list
Warning (10492): VHDL Process Statement warning at Perudo_Datapath.vhd(121): signal "numero_giocatori_in_campo" is read inside the Process Statement but isn't in the Process Statement's sensitivity list
Warning (10492): VHDL Process Statement warning at Perudo_Datapath.vhd(125): signal "indice_turno_giocatore" is read inside the Process Statement but isn't in the Process Statement's sensitivity list
Warning (10492): VHDL Process Statement warning at Perudo_Datapath.vhd(135): signal "indice_turno_giocatore" is read inside the Process Statement but isn't in the Process Statement's sensitivity list
Warning (10492): VHDL Process Statement warning at Perudo_Datapath.vhd(178): signal "numero_giocatori_in_campo" is read inside the Process Statement but isn't in the Process Statement's sensitivity list
Warning (10492): VHDL Process Statement warning at Perudo_Datapath.vhd(181): signal "numero_giocatori_in_campo" is read inside the Process Statement but isn't in the Process Statement's sensitivity list
Warning (10492): VHDL Process Statement warning at Perudo_Datapath.vhd(184): signal "numero_giocatori_in_campo" is read inside the Process Statement but isn't in the Process Statement's sensitivity list
Warning (10631): VHDL Process Statement warning at Perudo_Datapath.vhd(176): inferring latch(es) for signal or variable "giocatori_in_campo", which holds its previous value in one or more paths through the process
Warning (10631): VHDL Process Statement warning at Perudo_Datapath.vhd(176): inferring latch(es) for signal or variable "numero_giocatori_in_campo", which holds its previous value in one or more paths through the process
Warning (10492): VHDL Process Statement warning at Perudo_Datapath.vhd(191): signal "numero_giocatori_in_campo" is read inside the Process Statement but isn't in the Process Statement's sensitivity list
Warning (10492): VHDL Process Statement warning at Perudo_Datapath.vhd(194): signal "numero_per_generazione_casuale_dado" is read inside the Process Statement but isn't in the Process Statement's sensitivity list
Warning (10492): VHDL Process Statement warning at Perudo_Datapath.vhd(194): signal "numero_giocatori_in_campo" is read inside the Process Statement but isn't in the Process Statement's sensitivity list
Warning (10492): VHDL Process Statement warning at Perudo_Datapath.vhd(195): signal "giocatori_in_campo" is read inside the Process Statement but isn't in the Process Statement's sensitivity list
Warning (10492): VHDL Process Statement warning at Perudo_Datapath.vhd(195): signal "numero_giocatori_in_campo" is read inside the Process Statement but isn't in the Process Statement's sensitivity list
Warning (10492): VHDL Process Statement warning at Perudo_Datapath.vhd(198): signal "numero_giocatori_in_campo" is read inside the Process Statement but isn't in the Process Statement's sensitivity list
Warning (10631): VHDL Process Statement warning at Perudo_Datapath.vhd(189): inferring latch(es) for signal or variable "giocatori_in_campo", which holds its previous value in one or more paths through the process
Warning (10631): VHDL Process Statement warning at Perudo_Datapath.vhd(189): inferring latch(es) for signal or variable "numero_giocatori_in_campo", which holds its previous value in one or more paths through the process
Warning (10492): VHDL Process Statement warning at Perudo_Datapath.vhd(207): signal "DADO_SCOMMESSO_COM" is read inside the Process Statement but isn't in the Process Statement's sensitivity list
Warning (10492): VHDL Process Statement warning at Perudo_Datapath.vhd(208): signal "RICORRENZA_COM" is read inside the Process Statement but isn't in the Process Statement's sensitivity list
Warning (10492): VHDL Process Statement warning at Perudo_Datapath.vhd(211): signal "DADO_SCOMMESSO_G0" is read inside the Process Statement but isn't in the Process Statement's sensitivity list
Warning (10492): VHDL Process Statement warning at Perudo_Datapath.vhd(212): signal "RICORRENZA_G0" is read inside the Process Statement but isn't in the Process Statement's sensitivity list
Warning (10631): VHDL Process Statement warning at Perudo_Datapath.vhd(202): inferring latch(es) for signal or variable "scommessa_corrente", which holds its previous value in one or more paths through the process
Warning (10492): VHDL Process Statement warning at Perudo_Datapath.vhd(219): signal "giocatori_in_campo" is read inside the Process Statement but isn't in the Process Statement's sensitivity list
Warning (10492): VHDL Process Statement warning at Perudo_Datapath.vhd(220): signal "numero_giocatori_in_campo" is read inside the Process Statement but isn't in the Process Statement's sensitivity list
Warning (10492): VHDL Process Statement warning at Perudo_Datapath.vhd(226): signal "scommessa_corrente" is read inside the Process Statement but isn't in the Process Statement's sensitivity list
Info (10041): Inferred latch for "scommessa_corrente.ricorrenza[0]" at Perudo_Datapath.vhd(202)
Info (10041): Inferred latch for "scommessa_corrente.ricorrenza[1]" at Perudo_Datapath.vhd(202)
Info (10041): Inferred latch for "scommessa_corrente.ricorrenza[2]" at Perudo_Datapath.vhd(202)
Info (10041): Inferred latch for "scommessa_corrente.ricorrenza[3]" at Perudo_Datapath.vhd(202)
Info (10041): Inferred latch for "scommessa_corrente.ricorrenza[4]" at Perudo_Datapath.vhd(202)
Info (10041): Inferred latch for "scommessa_corrente.ricorrenza[5]" at Perudo_Datapath.vhd(202)
Info (10041): Inferred latch for "scommessa_corrente.ricorrenza[6]" at Perudo_Datapath.vhd(202)
Info (10041): Inferred latch for "scommessa_corrente.ricorrenza[7]" at Perudo_Datapath.vhd(202)
Info (10041): Inferred latch for "scommessa_corrente.ricorrenza[8]" at Perudo_Datapath.vhd(202)
Info (10041): Inferred latch for "scommessa_corrente.ricorrenza[9]" at Perudo_Datapath.vhd(202)
Info (10041): Inferred latch for "scommessa_corrente.ricorrenza[10]" at Perudo_Datapath.vhd(202)
Info (10041): Inferred latch for "scommessa_corrente.ricorrenza[11]" at Perudo_Datapath.vhd(202)
Info (10041): Inferred latch for "scommessa_corrente.ricorrenza[12]" at Perudo_Datapath.vhd(202)
Info (10041): Inferred latch for "scommessa_corrente.ricorrenza[13]" at Perudo_Datapath.vhd(202)
Info (10041): Inferred latch for "scommessa_corrente.ricorrenza[14]" at Perudo_Datapath.vhd(202)
Info (10041): Inferred latch for "scommessa_corrente.ricorrenza[15]" at Perudo_Datapath.vhd(202)
Info (10041): Inferred latch for "scommessa_corrente.ricorrenza[16]" at Perudo_Datapath.vhd(202)
Info (10041): Inferred latch for "scommessa_corrente.ricorrenza[17]" at Perudo_Datapath.vhd(202)
Info (10041): Inferred latch for "scommessa_corrente.ricorrenza[18]" at Perudo_Datapath.vhd(202)
Info (10041): Inferred latch for "scommessa_corrente.ricorrenza[19]" at Perudo_Datapath.vhd(202)
Info (10041): Inferred latch for "scommessa_corrente.ricorrenza[20]" at Perudo_Datapath.vhd(202)
Info (10041): Inferred latch for "scommessa_corrente.ricorrenza[21]" at Perudo_Datapath.vhd(202)
Info (10041): Inferred latch for "scommessa_corrente.ricorrenza[22]" at Perudo_Datapath.vhd(202)
Info (10041): Inferred latch for "scommessa_corrente.ricorrenza[23]" at Perudo_Datapath.vhd(202)
Info (10041): Inferred latch for "scommessa_corrente.ricorrenza[24]" at Perudo_Datapath.vhd(202)
Info (10041): Inferred latch for "scommessa_corrente.ricorrenza[25]" at Perudo_Datapath.vhd(202)
Info (10041): Inferred latch for "scommessa_corrente.ricorrenza[26]" at Perudo_Datapath.vhd(202)
Info (10041): Inferred latch for "scommessa_corrente.ricorrenza[27]" at Perudo_Datapath.vhd(202)
Info (10041): Inferred latch for "scommessa_corrente.ricorrenza[28]" at Perudo_Datapath.vhd(202)
Info (10041): Inferred latch for "scommessa_corrente.ricorrenza[29]" at Perudo_Datapath.vhd(202)
Info (10041): Inferred latch for "scommessa_corrente.ricorrenza[30]" at Perudo_Datapath.vhd(202)
Info (10041): Inferred latch for "scommessa_corrente.ricorrenza[31]" at Perudo_Datapath.vhd(202)
Info (10041): Inferred latch for "scommessa_corrente.dado_scommesso.NONE" at Perudo_Datapath.vhd(202)
Info (10041): Inferred latch for "scommessa_corrente.dado_scommesso.SEI" at Perudo_Datapath.vhd(202)
Info (10041): Inferred latch for "scommessa_corrente.dado_scommesso.CINQUE" at Perudo_Datapath.vhd(202)
Info (10041): Inferred latch for "scommessa_corrente.dado_scommesso.QUATTRO" at Perudo_Datapath.vhd(202)
Info (10041): Inferred latch for "scommessa_corrente.dado_scommesso.TRE" at Perudo_Datapath.vhd(202)
Info (10041): Inferred latch for "scommessa_corrente.dado_scommesso.DUE" at Perudo_Datapath.vhd(202)
Info (10041): Inferred latch for "scommessa_corrente.dado_scommesso.UNO" at Perudo_Datapath.vhd(202)
Info (10041): Inferred latch for "numero_giocatori_in_campo[0]" at Perudo_Datapath.vhd(189)
Info (10041): Inferred latch for "numero_giocatori_in_campo[1]" at Perudo_Datapath.vhd(189)
Info (10041): Inferred latch for "numero_giocatori_in_campo[2]" at Perudo_Datapath.vhd(189)
Info (10041): Inferred latch for "numero_giocatori_in_campo[3]" at Perudo_Datapath.vhd(189)
Info (10041): Inferred latch for "giocatori_in_campo[7].numero_dadi_in_mano[0]" at Perudo_Datapath.vhd(189)
Info (10041): Inferred latch for "giocatori_in_campo[7].numero_dadi_in_mano[1]" at Perudo_Datapath.vhd(189)
Info (10041): Inferred latch for "giocatori_in_campo[7].numero_dadi_in_mano[2]" at Perudo_Datapath.vhd(189)
Info (10041): Inferred latch for "giocatori_in_campo[7].dadi_in_mano[4].NONE" at Perudo_Datapath.vhd(189)
Info (10041): Inferred latch for "giocatori_in_campo[7].dadi_in_mano[4].SEI" at Perudo_Datapath.vhd(189)
Info (10041): Inferred latch for "giocatori_in_campo[7].dadi_in_mano[4].CINQUE" at Perudo_Datapath.vhd(189)
Info (10041): Inferred latch for "giocatori_in_campo[7].dadi_in_mano[4].QUATTRO" at Perudo_Datapath.vhd(189)
Info (10041): Inferred latch for "giocatori_in_campo[7].dadi_in_mano[4].TRE" at Perudo_Datapath.vhd(189)
Info (10041): Inferred latch for "giocatori_in_campo[7].dadi_in_mano[4].DUE" at Perudo_Datapath.vhd(189)
Info (10041): Inferred latch for "giocatori_in_campo[7].dadi_in_mano[4].UNO" at Perudo_Datapath.vhd(189)
Info (10041): Inferred latch for "giocatori_in_campo[7].dadi_in_mano[3].NONE" at Perudo_Datapath.vhd(189)
Info (10041): Inferred latch for "giocatori_in_campo[7].dadi_in_mano[3].SEI" at Perudo_Datapath.vhd(189)
Info (10041): Inferred latch for "giocatori_in_campo[7].dadi_in_mano[3].CINQUE" at Perudo_Datapath.vhd(189)
Info (10041): Inferred latch for "giocatori_in_campo[7].dadi_in_mano[3].QUATTRO" at Perudo_Datapath.vhd(189)
Info (10041): Inferred latch for "giocatori_in_campo[7].dadi_in_mano[3].TRE" at Perudo_Datapath.vhd(189)
Info (10041): Inferred latch for "giocatori_in_campo[7].dadi_in_mano[3].DUE" at Perudo_Datapath.vhd(189)
Info (10041): Inferred latch for "giocatori_in_campo[7].dadi_in_mano[3].UNO" at Perudo_Datapath.vhd(189)
Info (10041): Inferred latch for "giocatori_in_campo[7].dadi_in_mano[2].NONE" at Perudo_Datapath.vhd(189)
Info (10041): Inferred latch for "giocatori_in_campo[7].dadi_in_mano[2].SEI" at Perudo_Datapath.vhd(189)
Info (10041): Inferred latch for "giocatori_in_campo[7].dadi_in_mano[2].CINQUE" at Perudo_Datapath.vhd(189)
Info (10041): Inferred latch for "giocatori_in_campo[7].dadi_in_mano[2].QUATTRO" at Perudo_Datapath.vhd(189)
Info (10041): Inferred latch for "giocatori_in_campo[7].dadi_in_mano[2].TRE" at Perudo_Datapath.vhd(189)
Info (10041): Inferred latch for "giocatori_in_campo[7].dadi_in_mano[2].DUE" at Perudo_Datapath.vhd(189)
Info (10041): Inferred latch for "giocatori_in_campo[7].dadi_in_mano[2].UNO" at Perudo_Datapath.vhd(189)
Info (10041): Inferred latch for "giocatori_in_campo[7].dadi_in_mano[1].NONE" at Perudo_Datapath.vhd(189)
Info (10041): Inferred latch for "giocatori_in_campo[7].dadi_in_mano[1].SEI" at Perudo_Datapath.vhd(189)
Info (10041): Inferred latch for "giocatori_in_campo[7].dadi_in_mano[1].CINQUE" at Perudo_Datapath.vhd(189)
Info (10041): Inferred latch for "giocatori_in_campo[7].dadi_in_mano[1].QUATTRO" at Perudo_Datapath.vhd(189)
Info (10041): Inferred latch for "giocatori_in_campo[7].dadi_in_mano[1].TRE" at Perudo_Datapath.vhd(189)
Info (10041): Inferred latch for "giocatori_in_campo[7].dadi_in_mano[1].DUE" at Perudo_Datapath.vhd(189)
Info (10041): Inferred latch for "giocatori_in_campo[7].dadi_in_mano[1].UNO" at Perudo_Datapath.vhd(189)
Info (10041): Inferred latch for "giocatori_in_campo[7].dadi_in_mano[0].NONE" at Perudo_Datapath.vhd(189)
Info (10041): Inferred latch for "giocatori_in_campo[7].dadi_in_mano[0].SEI" at Perudo_Datapath.vhd(189)
Info (10041): Inferred latch for "giocatori_in_campo[7].dadi_in_mano[0].CINQUE" at Perudo_Datapath.vhd(189)
Info (10041): Inferred latch for "giocatori_in_campo[7].dadi_in_mano[0].QUATTRO" at Perudo_Datapath.vhd(189)
Info (10041): Inferred latch for "giocatori_in_campo[7].dadi_in_mano[0].TRE" at Perudo_Datapath.vhd(189)
Info (10041): Inferred latch for "giocatori_in_campo[7].dadi_in_mano[0].DUE" at Perudo_Datapath.vhd(189)
Info (10041): Inferred latch for "giocatori_in_campo[7].dadi_in_mano[0].UNO" at Perudo_Datapath.vhd(189)
Info (10041): Inferred latch for "giocatori_in_campo[6].numero_dadi_in_mano[0]" at Perudo_Datapath.vhd(189)
Info (10041): Inferred latch for "giocatori_in_campo[6].numero_dadi_in_mano[1]" at Perudo_Datapath.vhd(189)
Info (10041): Inferred latch for "giocatori_in_campo[6].numero_dadi_in_mano[2]" at Perudo_Datapath.vhd(189)
Info (10041): Inferred latch for "giocatori_in_campo[6].dadi_in_mano[4].NONE" at Perudo_Datapath.vhd(189)
Info (10041): Inferred latch for "giocatori_in_campo[6].dadi_in_mano[4].SEI" at Perudo_Datapath.vhd(189)
Info (10041): Inferred latch for "giocatori_in_campo[6].dadi_in_mano[4].CINQUE" at Perudo_Datapath.vhd(189)
Info (10041): Inferred latch for "giocatori_in_campo[6].dadi_in_mano[4].QUATTRO" at Perudo_Datapath.vhd(189)
Info (10041): Inferred latch for "giocatori_in_campo[6].dadi_in_mano[4].TRE" at Perudo_Datapath.vhd(189)
Info (10041): Inferred latch for "giocatori_in_campo[6].dadi_in_mano[4].DUE" at Perudo_Datapath.vhd(189)
Info (10041): Inferred latch for "giocatori_in_campo[6].dadi_in_mano[4].UNO" at Perudo_Datapath.vhd(189)
Info (10041): Inferred latch for "giocatori_in_campo[6].dadi_in_mano[3].NONE" at Perudo_Datapath.vhd(189)
Info (10041): Inferred latch for "giocatori_in_campo[6].dadi_in_mano[3].SEI" at Perudo_Datapath.vhd(189)
Info (10041): Inferred latch for "giocatori_in_campo[6].dadi_in_mano[3].CINQUE" at Perudo_Datapath.vhd(189)
Info (10041): Inferred latch for "giocatori_in_campo[6].dadi_in_mano[3].QUATTRO" at Perudo_Datapath.vhd(189)
Info (10041): Inferred latch for "giocatori_in_campo[6].dadi_in_mano[3].TRE" at Perudo_Datapath.vhd(189)
Info (10041): Inferred latch for "giocatori_in_campo[6].dadi_in_mano[3].DUE" at Perudo_Datapath.vhd(189)
Info (10041): Inferred latch for "giocatori_in_campo[6].dadi_in_mano[3].UNO" at Perudo_Datapath.vhd(189)
Info (10041): Inferred latch for "giocatori_in_campo[6].dadi_in_mano[2].NONE" at Perudo_Datapath.vhd(189)
Info (10041): Inferred latch for "giocatori_in_campo[6].dadi_in_mano[2].SEI" at Perudo_Datapath.vhd(189)
Info (10041): Inferred latch for "giocatori_in_campo[6].dadi_in_mano[2].CINQUE" at Perudo_Datapath.vhd(189)
Info (10041): Inferred latch for "giocatori_in_campo[6].dadi_in_mano[2].QUATTRO" at Perudo_Datapath.vhd(189)
Info (10041): Inferred latch for "giocatori_in_campo[6].dadi_in_mano[2].TRE" at Perudo_Datapath.vhd(189)
Info (10041): Inferred latch for "giocatori_in_campo[6].dadi_in_mano[2].DUE" at Perudo_Datapath.vhd(189)
Info (10041): Inferred latch for "giocatori_in_campo[6].dadi_in_mano[2].UNO" at Perudo_Datapath.vhd(189)
Info (10041): Inferred latch for "giocatori_in_campo[6].dadi_in_mano[1].NONE" at Perudo_Datapath.vhd(189)
Info (10041): Inferred latch for "giocatori_in_campo[6].dadi_in_mano[1].SEI" at Perudo_Datapath.vhd(189)
Info (10041): Inferred latch for "giocatori_in_campo[6].dadi_in_mano[1].CINQUE" at Perudo_Datapath.vhd(189)
Info (10041): Inferred latch for "giocatori_in_campo[6].dadi_in_mano[1].QUATTRO" at Perudo_Datapath.vhd(189)
Info (10041): Inferred latch for "giocatori_in_campo[6].dadi_in_mano[1].TRE" at Perudo_Datapath.vhd(189)
Info (10041): Inferred latch for "giocatori_in_campo[6].dadi_in_mano[1].DUE" at Perudo_Datapath.vhd(189)
Info (10041): Inferred latch for "giocatori_in_campo[6].dadi_in_mano[1].UNO" at Perudo_Datapath.vhd(189)
Info (10041): Inferred latch for "giocatori_in_campo[6].dadi_in_mano[0].NONE" at Perudo_Datapath.vhd(189)
Info (10041): Inferred latch for "giocatori_in_campo[6].dadi_in_mano[0].SEI" at Perudo_Datapath.vhd(189)
Info (10041): Inferred latch for "giocatori_in_campo[6].dadi_in_mano[0].CINQUE" at Perudo_Datapath.vhd(189)
Info (10041): Inferred latch for "giocatori_in_campo[6].dadi_in_mano[0].QUATTRO" at Perudo_Datapath.vhd(189)
Info (10041): Inferred latch for "giocatori_in_campo[6].dadi_in_mano[0].TRE" at Perudo_Datapath.vhd(189)
Info (10041): Inferred latch for "giocatori_in_campo[6].dadi_in_mano[0].DUE" at Perudo_Datapath.vhd(189)
Info (10041): Inferred latch for "giocatori_in_campo[6].dadi_in_mano[0].UNO" at Perudo_Datapath.vhd(189)
Info (10041): Inferred latch for "giocatori_in_campo[5].numero_dadi_in_mano[0]" at Perudo_Datapath.vhd(189)
Info (10041): Inferred latch for "giocatori_in_campo[5].numero_dadi_in_mano[1]" at Perudo_Datapath.vhd(189)
Info (10041): Inferred latch for "giocatori_in_campo[5].numero_dadi_in_mano[2]" at Perudo_Datapath.vhd(189)
Info (10041): Inferred latch for "giocatori_in_campo[5].dadi_in_mano[4].NONE" at Perudo_Datapath.vhd(189)
Info (10041): Inferred latch for "giocatori_in_campo[5].dadi_in_mano[4].SEI" at Perudo_Datapath.vhd(189)
Info (10041): Inferred latch for "giocatori_in_campo[5].dadi_in_mano[4].CINQUE" at Perudo_Datapath.vhd(189)
Info (10041): Inferred latch for "giocatori_in_campo[5].dadi_in_mano[4].QUATTRO" at Perudo_Datapath.vhd(189)
Info (10041): Inferred latch for "giocatori_in_campo[5].dadi_in_mano[4].TRE" at Perudo_Datapath.vhd(189)
Info (10041): Inferred latch for "giocatori_in_campo[5].dadi_in_mano[4].DUE" at Perudo_Datapath.vhd(189)
Info (10041): Inferred latch for "giocatori_in_campo[5].dadi_in_mano[4].UNO" at Perudo_Datapath.vhd(189)
Info (10041): Inferred latch for "giocatori_in_campo[5].dadi_in_mano[3].NONE" at Perudo_Datapath.vhd(189)
Info (10041): Inferred latch for "giocatori_in_campo[5].dadi_in_mano[3].SEI" at Perudo_Datapath.vhd(189)
Info (10041): Inferred latch for "giocatori_in_campo[5].dadi_in_mano[3].CINQUE" at Perudo_Datapath.vhd(189)
Info (10041): Inferred latch for "giocatori_in_campo[5].dadi_in_mano[3].QUATTRO" at Perudo_Datapath.vhd(189)
Info (10041): Inferred latch for "giocatori_in_campo[5].dadi_in_mano[3].TRE" at Perudo_Datapath.vhd(189)
Info (10041): Inferred latch for "giocatori_in_campo[5].dadi_in_mano[3].DUE" at Perudo_Datapath.vhd(189)
Info (10041): Inferred latch for "giocatori_in_campo[5].dadi_in_mano[3].UNO" at Perudo_Datapath.vhd(189)
Info (10041): Inferred latch for "giocatori_in_campo[5].dadi_in_mano[2].NONE" at Perudo_Datapath.vhd(189)
Info (10041): Inferred latch for "giocatori_in_campo[5].dadi_in_mano[2].SEI" at Perudo_Datapath.vhd(189)
Info (10041): Inferred latch for "giocatori_in_campo[5].dadi_in_mano[2].CINQUE" at Perudo_Datapath.vhd(189)
Info (10041): Inferred latch for "giocatori_in_campo[5].dadi_in_mano[2].QUATTRO" at Perudo_Datapath.vhd(189)
Info (10041): Inferred latch for "giocatori_in_campo[5].dadi_in_mano[2].TRE" at Perudo_Datapath.vhd(189)
Info (10041): Inferred latch for "giocatori_in_campo[5].dadi_in_mano[2].DUE" at Perudo_Datapath.vhd(189)
Info (10041): Inferred latch for "giocatori_in_campo[5].dadi_in_mano[2].UNO" at Perudo_Datapath.vhd(189)
Info (10041): Inferred latch for "giocatori_in_campo[5].dadi_in_mano[1].NONE" at Perudo_Datapath.vhd(189)
Info (10041): Inferred latch for "giocatori_in_campo[5].dadi_in_mano[1].SEI" at Perudo_Datapath.vhd(189)
Info (10041): Inferred latch for "giocatori_in_campo[5].dadi_in_mano[1].CINQUE" at Perudo_Datapath.vhd(189)
Info (10041): Inferred latch for "giocatori_in_campo[5].dadi_in_mano[1].QUATTRO" at Perudo_Datapath.vhd(189)
Info (10041): Inferred latch for "giocatori_in_campo[5].dadi_in_mano[1].TRE" at Perudo_Datapath.vhd(189)
Info (10041): Inferred latch for "giocatori_in_campo[5].dadi_in_mano[1].DUE" at Perudo_Datapath.vhd(189)
Info (10041): Inferred latch for "giocatori_in_campo[5].dadi_in_mano[1].UNO" at Perudo_Datapath.vhd(189)
Info (10041): Inferred latch for "giocatori_in_campo[5].dadi_in_mano[0].NONE" at Perudo_Datapath.vhd(189)
Info (10041): Inferred latch for "giocatori_in_campo[5].dadi_in_mano[0].SEI" at Perudo_Datapath.vhd(189)
Info (10041): Inferred latch for "giocatori_in_campo[5].dadi_in_mano[0].CINQUE" at Perudo_Datapath.vhd(189)
Info (10041): Inferred latch for "giocatori_in_campo[5].dadi_in_mano[0].QUATTRO" at Perudo_Datapath.vhd(189)
Info (10041): Inferred latch for "giocatori_in_campo[5].dadi_in_mano[0].TRE" at Perudo_Datapath.vhd(189)
Info (10041): Inferred latch for "giocatori_in_campo[5].dadi_in_mano[0].DUE" at Perudo_Datapath.vhd(189)
Info (10041): Inferred latch for "giocatori_in_campo[5].dadi_in_mano[0].UNO" at Perudo_Datapath.vhd(189)
Info (10041): Inferred latch for "giocatori_in_campo[4].numero_dadi_in_mano[0]" at Perudo_Datapath.vhd(189)
Info (10041): Inferred latch for "giocatori_in_campo[4].numero_dadi_in_mano[1]" at Perudo_Datapath.vhd(189)
Info (10041): Inferred latch for "giocatori_in_campo[4].numero_dadi_in_mano[2]" at Perudo_Datapath.vhd(189)
Info (10041): Inferred latch for "giocatori_in_campo[4].dadi_in_mano[4].NONE" at Perudo_Datapath.vhd(189)
Info (10041): Inferred latch for "giocatori_in_campo[4].dadi_in_mano[4].SEI" at Perudo_Datapath.vhd(189)
Info (10041): Inferred latch for "giocatori_in_campo[4].dadi_in_mano[4].CINQUE" at Perudo_Datapath.vhd(189)
Info (10041): Inferred latch for "giocatori_in_campo[4].dadi_in_mano[4].QUATTRO" at Perudo_Datapath.vhd(189)
Info (10041): Inferred latch for "giocatori_in_campo[4].dadi_in_mano[4].TRE" at Perudo_Datapath.vhd(189)
Info (10041): Inferred latch for "giocatori_in_campo[4].dadi_in_mano[4].DUE" at Perudo_Datapath.vhd(189)
Info (10041): Inferred latch for "giocatori_in_campo[4].dadi_in_mano[4].UNO" at Perudo_Datapath.vhd(189)
Info (10041): Inferred latch for "giocatori_in_campo[4].dadi_in_mano[3].NONE" at Perudo_Datapath.vhd(189)
Info (10041): Inferred latch for "giocatori_in_campo[4].dadi_in_mano[3].SEI" at Perudo_Datapath.vhd(189)
Info (10041): Inferred latch for "giocatori_in_campo[4].dadi_in_mano[3].CINQUE" at Perudo_Datapath.vhd(189)
Info (10041): Inferred latch for "giocatori_in_campo[4].dadi_in_mano[3].QUATTRO" at Perudo_Datapath.vhd(189)
Info (10041): Inferred latch for "giocatori_in_campo[4].dadi_in_mano[3].TRE" at Perudo_Datapath.vhd(189)
Info (10041): Inferred latch for "giocatori_in_campo[4].dadi_in_mano[3].DUE" at Perudo_Datapath.vhd(189)
Info (10041): Inferred latch for "giocatori_in_campo[4].dadi_in_mano[3].UNO" at Perudo_Datapath.vhd(189)
Info (10041): Inferred latch for "giocatori_in_campo[4].dadi_in_mano[2].NONE" at Perudo_Datapath.vhd(189)
Info (10041): Inferred latch for "giocatori_in_campo[4].dadi_in_mano[2].SEI" at Perudo_Datapath.vhd(189)
Info (10041): Inferred latch for "giocatori_in_campo[4].dadi_in_mano[2].CINQUE" at Perudo_Datapath.vhd(189)
Info (10041): Inferred latch for "giocatori_in_campo[4].dadi_in_mano[2].QUATTRO" at Perudo_Datapath.vhd(189)
Info (10041): Inferred latch for "giocatori_in_campo[4].dadi_in_mano[2].TRE" at Perudo_Datapath.vhd(189)
Info (10041): Inferred latch for "giocatori_in_campo[4].dadi_in_mano[2].DUE" at Perudo_Datapath.vhd(189)
Info (10041): Inferred latch for "giocatori_in_campo[4].dadi_in_mano[2].UNO" at Perudo_Datapath.vhd(189)
Info (10041): Inferred latch for "giocatori_in_campo[4].dadi_in_mano[1].NONE" at Perudo_Datapath.vhd(189)
Info (10041): Inferred latch for "giocatori_in_campo[4].dadi_in_mano[1].SEI" at Perudo_Datapath.vhd(189)
Info (10041): Inferred latch for "giocatori_in_campo[4].dadi_in_mano[1].CINQUE" at Perudo_Datapath.vhd(189)
Info (10041): Inferred latch for "giocatori_in_campo[4].dadi_in_mano[1].QUATTRO" at Perudo_Datapath.vhd(189)
Info (10041): Inferred latch for "giocatori_in_campo[4].dadi_in_mano[1].TRE" at Perudo_Datapath.vhd(189)
Info (10041): Inferred latch for "giocatori_in_campo[4].dadi_in_mano[1].DUE" at Perudo_Datapath.vhd(189)
Info (10041): Inferred latch for "giocatori_in_campo[4].dadi_in_mano[1].UNO" at Perudo_Datapath.vhd(189)
Info (10041): Inferred latch for "giocatori_in_campo[4].dadi_in_mano[0].NONE" at Perudo_Datapath.vhd(189)
Info (10041): Inferred latch for "giocatori_in_campo[4].dadi_in_mano[0].SEI" at Perudo_Datapath.vhd(189)
Info (10041): Inferred latch for "giocatori_in_campo[4].dadi_in_mano[0].CINQUE" at Perudo_Datapath.vhd(189)
Info (10041): Inferred latch for "giocatori_in_campo[4].dadi_in_mano[0].QUATTRO" at Perudo_Datapath.vhd(189)
Info (10041): Inferred latch for "giocatori_in_campo[4].dadi_in_mano[0].TRE" at Perudo_Datapath.vhd(189)
Info (10041): Inferred latch for "giocatori_in_campo[4].dadi_in_mano[0].DUE" at Perudo_Datapath.vhd(189)
Info (10041): Inferred latch for "giocatori_in_campo[4].dadi_in_mano[0].UNO" at Perudo_Datapath.vhd(189)
Info (10041): Inferred latch for "giocatori_in_campo[3].numero_dadi_in_mano[0]" at Perudo_Datapath.vhd(189)
Info (10041): Inferred latch for "giocatori_in_campo[3].numero_dadi_in_mano[1]" at Perudo_Datapath.vhd(189)
Info (10041): Inferred latch for "giocatori_in_campo[3].numero_dadi_in_mano[2]" at Perudo_Datapath.vhd(189)
Info (10041): Inferred latch for "giocatori_in_campo[3].dadi_in_mano[4].NONE" at Perudo_Datapath.vhd(189)
Info (10041): Inferred latch for "giocatori_in_campo[3].dadi_in_mano[4].SEI" at Perudo_Datapath.vhd(189)
Info (10041): Inferred latch for "giocatori_in_campo[3].dadi_in_mano[4].CINQUE" at Perudo_Datapath.vhd(189)
Info (10041): Inferred latch for "giocatori_in_campo[3].dadi_in_mano[4].QUATTRO" at Perudo_Datapath.vhd(189)
Info (10041): Inferred latch for "giocatori_in_campo[3].dadi_in_mano[4].TRE" at Perudo_Datapath.vhd(189)
Info (10041): Inferred latch for "giocatori_in_campo[3].dadi_in_mano[4].DUE" at Perudo_Datapath.vhd(189)
Info (10041): Inferred latch for "giocatori_in_campo[3].dadi_in_mano[4].UNO" at Perudo_Datapath.vhd(189)
Info (10041): Inferred latch for "giocatori_in_campo[3].dadi_in_mano[3].NONE" at Perudo_Datapath.vhd(189)
Info (10041): Inferred latch for "giocatori_in_campo[3].dadi_in_mano[3].SEI" at Perudo_Datapath.vhd(189)
Info (10041): Inferred latch for "giocatori_in_campo[3].dadi_in_mano[3].CINQUE" at Perudo_Datapath.vhd(189)
Info (10041): Inferred latch for "giocatori_in_campo[3].dadi_in_mano[3].QUATTRO" at Perudo_Datapath.vhd(189)
Info (10041): Inferred latch for "giocatori_in_campo[3].dadi_in_mano[3].TRE" at Perudo_Datapath.vhd(189)
Info (10041): Inferred latch for "giocatori_in_campo[3].dadi_in_mano[3].DUE" at Perudo_Datapath.vhd(189)
Info (10041): Inferred latch for "giocatori_in_campo[3].dadi_in_mano[3].UNO" at Perudo_Datapath.vhd(189)
Info (10041): Inferred latch for "giocatori_in_campo[3].dadi_in_mano[2].NONE" at Perudo_Datapath.vhd(189)
Info (10041): Inferred latch for "giocatori_in_campo[3].dadi_in_mano[2].SEI" at Perudo_Datapath.vhd(189)
Info (10041): Inferred latch for "giocatori_in_campo[3].dadi_in_mano[2].CINQUE" at Perudo_Datapath.vhd(189)
Info (10041): Inferred latch for "giocatori_in_campo[3].dadi_in_mano[2].QUATTRO" at Perudo_Datapath.vhd(189)
Info (10041): Inferred latch for "giocatori_in_campo[3].dadi_in_mano[2].TRE" at Perudo_Datapath.vhd(189)
Info (10041): Inferred latch for "giocatori_in_campo[3].dadi_in_mano[2].DUE" at Perudo_Datapath.vhd(189)
Info (10041): Inferred latch for "giocatori_in_campo[3].dadi_in_mano[2].UNO" at Perudo_Datapath.vhd(189)
Info (10041): Inferred latch for "giocatori_in_campo[3].dadi_in_mano[1].NONE" at Perudo_Datapath.vhd(189)
Info (10041): Inferred latch for "giocatori_in_campo[3].dadi_in_mano[1].SEI" at Perudo_Datapath.vhd(189)
Info (10041): Inferred latch for "giocatori_in_campo[3].dadi_in_mano[1].CINQUE" at Perudo_Datapath.vhd(189)
Info (10041): Inferred latch for "giocatori_in_campo[3].dadi_in_mano[1].QUATTRO" at Perudo_Datapath.vhd(189)
Info (10041): Inferred latch for "giocatori_in_campo[3].dadi_in_mano[1].TRE" at Perudo_Datapath.vhd(189)
Info (10041): Inferred latch for "giocatori_in_campo[3].dadi_in_mano[1].DUE" at Perudo_Datapath.vhd(189)
Info (10041): Inferred latch for "giocatori_in_campo[3].dadi_in_mano[1].UNO" at Perudo_Datapath.vhd(189)
Info (10041): Inferred latch for "giocatori_in_campo[3].dadi_in_mano[0].NONE" at Perudo_Datapath.vhd(189)
Info (10041): Inferred latch for "giocatori_in_campo[3].dadi_in_mano[0].SEI" at Perudo_Datapath.vhd(189)
Info (10041): Inferred latch for "giocatori_in_campo[3].dadi_in_mano[0].CINQUE" at Perudo_Datapath.vhd(189)
Info (10041): Inferred latch for "giocatori_in_campo[3].dadi_in_mano[0].QUATTRO" at Perudo_Datapath.vhd(189)
Info (10041): Inferred latch for "giocatori_in_campo[3].dadi_in_mano[0].TRE" at Perudo_Datapath.vhd(189)
Info (10041): Inferred latch for "giocatori_in_campo[3].dadi_in_mano[0].DUE" at Perudo_Datapath.vhd(189)
Info (10041): Inferred latch for "giocatori_in_campo[3].dadi_in_mano[0].UNO" at Perudo_Datapath.vhd(189)
Info (10041): Inferred latch for "giocatori_in_campo[2].numero_dadi_in_mano[0]" at Perudo_Datapath.vhd(189)
Info (10041): Inferred latch for "giocatori_in_campo[2].numero_dadi_in_mano[1]" at Perudo_Datapath.vhd(189)
Info (10041): Inferred latch for "giocatori_in_campo[2].numero_dadi_in_mano[2]" at Perudo_Datapath.vhd(189)
Info (10041): Inferred latch for "giocatori_in_campo[2].dadi_in_mano[4].NONE" at Perudo_Datapath.vhd(189)
Info (10041): Inferred latch for "giocatori_in_campo[2].dadi_in_mano[4].SEI" at Perudo_Datapath.vhd(189)
Info (10041): Inferred latch for "giocatori_in_campo[2].dadi_in_mano[4].CINQUE" at Perudo_Datapath.vhd(189)
Info (10041): Inferred latch for "giocatori_in_campo[2].dadi_in_mano[4].QUATTRO" at Perudo_Datapath.vhd(189)
Info (10041): Inferred latch for "giocatori_in_campo[2].dadi_in_mano[4].TRE" at Perudo_Datapath.vhd(189)
Info (10041): Inferred latch for "giocatori_in_campo[2].dadi_in_mano[4].DUE" at Perudo_Datapath.vhd(189)
Info (10041): Inferred latch for "giocatori_in_campo[2].dadi_in_mano[4].UNO" at Perudo_Datapath.vhd(189)
Info (10041): Inferred latch for "giocatori_in_campo[2].dadi_in_mano[3].NONE" at Perudo_Datapath.vhd(189)
Info (10041): Inferred latch for "giocatori_in_campo[2].dadi_in_mano[3].SEI" at Perudo_Datapath.vhd(189)
Info (10041): Inferred latch for "giocatori_in_campo[2].dadi_in_mano[3].CINQUE" at Perudo_Datapath.vhd(189)
Info (10041): Inferred latch for "giocatori_in_campo[2].dadi_in_mano[3].QUATTRO" at Perudo_Datapath.vhd(189)
Info (10041): Inferred latch for "giocatori_in_campo[2].dadi_in_mano[3].TRE" at Perudo_Datapath.vhd(189)
Info (10041): Inferred latch for "giocatori_in_campo[2].dadi_in_mano[3].DUE" at Perudo_Datapath.vhd(189)
Info (10041): Inferred latch for "giocatori_in_campo[2].dadi_in_mano[3].UNO" at Perudo_Datapath.vhd(189)
Info (10041): Inferred latch for "giocatori_in_campo[2].dadi_in_mano[2].NONE" at Perudo_Datapath.vhd(189)
Info (10041): Inferred latch for "giocatori_in_campo[2].dadi_in_mano[2].SEI" at Perudo_Datapath.vhd(189)
Info (10041): Inferred latch for "giocatori_in_campo[2].dadi_in_mano[2].CINQUE" at Perudo_Datapath.vhd(189)
Info (10041): Inferred latch for "giocatori_in_campo[2].dadi_in_mano[2].QUATTRO" at Perudo_Datapath.vhd(189)
Info (10041): Inferred latch for "giocatori_in_campo[2].dadi_in_mano[2].TRE" at Perudo_Datapath.vhd(189)
Info (10041): Inferred latch for "giocatori_in_campo[2].dadi_in_mano[2].DUE" at Perudo_Datapath.vhd(189)
Info (10041): Inferred latch for "giocatori_in_campo[2].dadi_in_mano[2].UNO" at Perudo_Datapath.vhd(189)
Info (10041): Inferred latch for "giocatori_in_campo[2].dadi_in_mano[1].NONE" at Perudo_Datapath.vhd(189)
Info (10041): Inferred latch for "giocatori_in_campo[2].dadi_in_mano[1].SEI" at Perudo_Datapath.vhd(189)
Info (10041): Inferred latch for "giocatori_in_campo[2].dadi_in_mano[1].CINQUE" at Perudo_Datapath.vhd(189)
Info (10041): Inferred latch for "giocatori_in_campo[2].dadi_in_mano[1].QUATTRO" at Perudo_Datapath.vhd(189)
Info (10041): Inferred latch for "giocatori_in_campo[2].dadi_in_mano[1].TRE" at Perudo_Datapath.vhd(189)
Info (10041): Inferred latch for "giocatori_in_campo[2].dadi_in_mano[1].DUE" at Perudo_Datapath.vhd(189)
Info (10041): Inferred latch for "giocatori_in_campo[2].dadi_in_mano[1].UNO" at Perudo_Datapath.vhd(189)
Info (10041): Inferred latch for "giocatori_in_campo[2].dadi_in_mano[0].NONE" at Perudo_Datapath.vhd(189)
Info (10041): Inferred latch for "giocatori_in_campo[2].dadi_in_mano[0].SEI" at Perudo_Datapath.vhd(189)
Info (10041): Inferred latch for "giocatori_in_campo[2].dadi_in_mano[0].CINQUE" at Perudo_Datapath.vhd(189)
Info (10041): Inferred latch for "giocatori_in_campo[2].dadi_in_mano[0].QUATTRO" at Perudo_Datapath.vhd(189)
Info (10041): Inferred latch for "giocatori_in_campo[2].dadi_in_mano[0].TRE" at Perudo_Datapath.vhd(189)
Info (10041): Inferred latch for "giocatori_in_campo[2].dadi_in_mano[0].DUE" at Perudo_Datapath.vhd(189)
Info (10041): Inferred latch for "giocatori_in_campo[2].dadi_in_mano[0].UNO" at Perudo_Datapath.vhd(189)
Info (10041): Inferred latch for "giocatori_in_campo[1].numero_dadi_in_mano[0]" at Perudo_Datapath.vhd(189)
Info (10041): Inferred latch for "giocatori_in_campo[1].numero_dadi_in_mano[1]" at Perudo_Datapath.vhd(189)
Info (10041): Inferred latch for "giocatori_in_campo[1].numero_dadi_in_mano[2]" at Perudo_Datapath.vhd(189)
Info (10041): Inferred latch for "giocatori_in_campo[1].dadi_in_mano[4].NONE" at Perudo_Datapath.vhd(189)
Info (10041): Inferred latch for "giocatori_in_campo[1].dadi_in_mano[4].SEI" at Perudo_Datapath.vhd(189)
Info (10041): Inferred latch for "giocatori_in_campo[1].dadi_in_mano[4].CINQUE" at Perudo_Datapath.vhd(189)
Info (10041): Inferred latch for "giocatori_in_campo[1].dadi_in_mano[4].QUATTRO" at Perudo_Datapath.vhd(189)
Info (10041): Inferred latch for "giocatori_in_campo[1].dadi_in_mano[4].TRE" at Perudo_Datapath.vhd(189)
Info (10041): Inferred latch for "giocatori_in_campo[1].dadi_in_mano[4].DUE" at Perudo_Datapath.vhd(189)
Info (10041): Inferred latch for "giocatori_in_campo[1].dadi_in_mano[4].UNO" at Perudo_Datapath.vhd(189)
Info (10041): Inferred latch for "giocatori_in_campo[1].dadi_in_mano[3].NONE" at Perudo_Datapath.vhd(189)
Info (10041): Inferred latch for "giocatori_in_campo[1].dadi_in_mano[3].SEI" at Perudo_Datapath.vhd(189)
Info (10041): Inferred latch for "giocatori_in_campo[1].dadi_in_mano[3].CINQUE" at Perudo_Datapath.vhd(189)
Info (10041): Inferred latch for "giocatori_in_campo[1].dadi_in_mano[3].QUATTRO" at Perudo_Datapath.vhd(189)
Info (10041): Inferred latch for "giocatori_in_campo[1].dadi_in_mano[3].TRE" at Perudo_Datapath.vhd(189)
Info (10041): Inferred latch for "giocatori_in_campo[1].dadi_in_mano[3].DUE" at Perudo_Datapath.vhd(189)
Info (10041): Inferred latch for "giocatori_in_campo[1].dadi_in_mano[3].UNO" at Perudo_Datapath.vhd(189)
Info (10041): Inferred latch for "giocatori_in_campo[1].dadi_in_mano[2].NONE" at Perudo_Datapath.vhd(189)
Info (10041): Inferred latch for "giocatori_in_campo[1].dadi_in_mano[2].SEI" at Perudo_Datapath.vhd(189)
Info (10041): Inferred latch for "giocatori_in_campo[1].dadi_in_mano[2].CINQUE" at Perudo_Datapath.vhd(189)
Info (10041): Inferred latch for "giocatori_in_campo[1].dadi_in_mano[2].QUATTRO" at Perudo_Datapath.vhd(189)
Info (10041): Inferred latch for "giocatori_in_campo[1].dadi_in_mano[2].TRE" at Perudo_Datapath.vhd(189)
Info (10041): Inferred latch for "giocatori_in_campo[1].dadi_in_mano[2].DUE" at Perudo_Datapath.vhd(189)
Info (10041): Inferred latch for "giocatori_in_campo[1].dadi_in_mano[2].UNO" at Perudo_Datapath.vhd(189)
Info (10041): Inferred latch for "giocatori_in_campo[1].dadi_in_mano[1].NONE" at Perudo_Datapath.vhd(189)
Info (10041): Inferred latch for "giocatori_in_campo[1].dadi_in_mano[1].SEI" at Perudo_Datapath.vhd(189)
Info (10041): Inferred latch for "giocatori_in_campo[1].dadi_in_mano[1].CINQUE" at Perudo_Datapath.vhd(189)
Info (10041): Inferred latch for "giocatori_in_campo[1].dadi_in_mano[1].QUATTRO" at Perudo_Datapath.vhd(189)
Info (10041): Inferred latch for "giocatori_in_campo[1].dadi_in_mano[1].TRE" at Perudo_Datapath.vhd(189)
Info (10041): Inferred latch for "giocatori_in_campo[1].dadi_in_mano[1].DUE" at Perudo_Datapath.vhd(189)
Info (10041): Inferred latch for "giocatori_in_campo[1].dadi_in_mano[1].UNO" at Perudo_Datapath.vhd(189)
Info (10041): Inferred latch for "giocatori_in_campo[1].dadi_in_mano[0].NONE" at Perudo_Datapath.vhd(189)
Info (10041): Inferred latch for "giocatori_in_campo[1].dadi_in_mano[0].SEI" at Perudo_Datapath.vhd(189)
Info (10041): Inferred latch for "giocatori_in_campo[1].dadi_in_mano[0].CINQUE" at Perudo_Datapath.vhd(189)
Info (10041): Inferred latch for "giocatori_in_campo[1].dadi_in_mano[0].QUATTRO" at Perudo_Datapath.vhd(189)
Info (10041): Inferred latch for "giocatori_in_campo[1].dadi_in_mano[0].TRE" at Perudo_Datapath.vhd(189)
Info (10041): Inferred latch for "giocatori_in_campo[1].dadi_in_mano[0].DUE" at Perudo_Datapath.vhd(189)
Info (10041): Inferred latch for "giocatori_in_campo[1].dadi_in_mano[0].UNO" at Perudo_Datapath.vhd(189)
Info (10041): Inferred latch for "giocatori_in_campo[0].numero_dadi_in_mano[0]" at Perudo_Datapath.vhd(189)
Info (10041): Inferred latch for "giocatori_in_campo[0].numero_dadi_in_mano[1]" at Perudo_Datapath.vhd(189)
Info (10041): Inferred latch for "giocatori_in_campo[0].numero_dadi_in_mano[2]" at Perudo_Datapath.vhd(189)
Info (10041): Inferred latch for "giocatori_in_campo[0].dadi_in_mano[4].NONE" at Perudo_Datapath.vhd(189)
Info (10041): Inferred latch for "giocatori_in_campo[0].dadi_in_mano[4].SEI" at Perudo_Datapath.vhd(189)
Info (10041): Inferred latch for "giocatori_in_campo[0].dadi_in_mano[4].CINQUE" at Perudo_Datapath.vhd(189)
Info (10041): Inferred latch for "giocatori_in_campo[0].dadi_in_mano[4].QUATTRO" at Perudo_Datapath.vhd(189)
Info (10041): Inferred latch for "giocatori_in_campo[0].dadi_in_mano[4].TRE" at Perudo_Datapath.vhd(189)
Info (10041): Inferred latch for "giocatori_in_campo[0].dadi_in_mano[4].DUE" at Perudo_Datapath.vhd(189)
Info (10041): Inferred latch for "giocatori_in_campo[0].dadi_in_mano[4].UNO" at Perudo_Datapath.vhd(189)
Info (10041): Inferred latch for "giocatori_in_campo[0].dadi_in_mano[3].NONE" at Perudo_Datapath.vhd(189)
Info (10041): Inferred latch for "giocatori_in_campo[0].dadi_in_mano[3].SEI" at Perudo_Datapath.vhd(189)
Info (10041): Inferred latch for "giocatori_in_campo[0].dadi_in_mano[3].CINQUE" at Perudo_Datapath.vhd(189)
Info (10041): Inferred latch for "giocatori_in_campo[0].dadi_in_mano[3].QUATTRO" at Perudo_Datapath.vhd(189)
Info (10041): Inferred latch for "giocatori_in_campo[0].dadi_in_mano[3].TRE" at Perudo_Datapath.vhd(189)
Info (10041): Inferred latch for "giocatori_in_campo[0].dadi_in_mano[3].DUE" at Perudo_Datapath.vhd(189)
Info (10041): Inferred latch for "giocatori_in_campo[0].dadi_in_mano[3].UNO" at Perudo_Datapath.vhd(189)
Info (10041): Inferred latch for "giocatori_in_campo[0].dadi_in_mano[2].NONE" at Perudo_Datapath.vhd(189)
Info (10041): Inferred latch for "giocatori_in_campo[0].dadi_in_mano[2].SEI" at Perudo_Datapath.vhd(189)
Info (10041): Inferred latch for "giocatori_in_campo[0].dadi_in_mano[2].CINQUE" at Perudo_Datapath.vhd(189)
Info (10041): Inferred latch for "giocatori_in_campo[0].dadi_in_mano[2].QUATTRO" at Perudo_Datapath.vhd(189)
Info (10041): Inferred latch for "giocatori_in_campo[0].dadi_in_mano[2].TRE" at Perudo_Datapath.vhd(189)
Info (10041): Inferred latch for "giocatori_in_campo[0].dadi_in_mano[2].DUE" at Perudo_Datapath.vhd(189)
Info (10041): Inferred latch for "giocatori_in_campo[0].dadi_in_mano[2].UNO" at Perudo_Datapath.vhd(189)
Info (10041): Inferred latch for "giocatori_in_campo[0].dadi_in_mano[1].NONE" at Perudo_Datapath.vhd(189)
Info (10041): Inferred latch for "giocatori_in_campo[0].dadi_in_mano[1].SEI" at Perudo_Datapath.vhd(189)
Info (10041): Inferred latch for "giocatori_in_campo[0].dadi_in_mano[1].CINQUE" at Perudo_Datapath.vhd(189)
Info (10041): Inferred latch for "giocatori_in_campo[0].dadi_in_mano[1].QUATTRO" at Perudo_Datapath.vhd(189)
Info (10041): Inferred latch for "giocatori_in_campo[0].dadi_in_mano[1].TRE" at Perudo_Datapath.vhd(189)
Info (10041): Inferred latch for "giocatori_in_campo[0].dadi_in_mano[1].DUE" at Perudo_Datapath.vhd(189)
Info (10041): Inferred latch for "giocatori_in_campo[0].dadi_in_mano[1].UNO" at Perudo_Datapath.vhd(189)
Info (10041): Inferred latch for "giocatori_in_campo[0].dadi_in_mano[0].NONE" at Perudo_Datapath.vhd(189)
Info (10041): Inferred latch for "giocatori_in_campo[0].dadi_in_mano[0].SEI" at Perudo_Datapath.vhd(189)
Info (10041): Inferred latch for "giocatori_in_campo[0].dadi_in_mano[0].CINQUE" at Perudo_Datapath.vhd(189)
Info (10041): Inferred latch for "giocatori_in_campo[0].dadi_in_mano[0].QUATTRO" at Perudo_Datapath.vhd(189)
Info (10041): Inferred latch for "giocatori_in_campo[0].dadi_in_mano[0].TRE" at Perudo_Datapath.vhd(189)
Info (10041): Inferred latch for "giocatori_in_campo[0].dadi_in_mano[0].DUE" at Perudo_Datapath.vhd(189)
Info (10041): Inferred latch for "giocatori_in_campo[0].dadi_in_mano[0].UNO" at Perudo_Datapath.vhd(189)
Info (10041): Inferred latch for "numero_giocatori_in_campo[0]" at Perudo_Datapath.vhd(176)
Info (10041): Inferred latch for "numero_giocatori_in_campo[1]" at Perudo_Datapath.vhd(176)
Info (10041): Inferred latch for "numero_giocatori_in_campo[2]" at Perudo_Datapath.vhd(176)
Info (10041): Inferred latch for "numero_giocatori_in_campo[3]" at Perudo_Datapath.vhd(176)
Info (10041): Inferred latch for "FINE_PARTITA" at Perudo_Datapath.vhd(97)
Info (10041): Inferred latch for "numero_giocatori_in_campo[0]" at Perudo_Datapath.vhd(97)
Info (10041): Inferred latch for "numero_giocatori_in_campo[1]" at Perudo_Datapath.vhd(97)
Info (10041): Inferred latch for "numero_giocatori_in_campo[2]" at Perudo_Datapath.vhd(97)
Info (10041): Inferred latch for "numero_giocatori_in_campo[3]" at Perudo_Datapath.vhd(97)
Info (10041): Inferred latch for "giocatori_in_campo[7].numero_dadi_in_mano[0]" at Perudo_Datapath.vhd(97)
Info (10041): Inferred latch for "giocatori_in_campo[7].numero_dadi_in_mano[1]" at Perudo_Datapath.vhd(97)
Info (10041): Inferred latch for "giocatori_in_campo[7].numero_dadi_in_mano[2]" at Perudo_Datapath.vhd(97)
Info (10041): Inferred latch for "giocatori_in_campo[6].numero_dadi_in_mano[0]" at Perudo_Datapath.vhd(97)
Info (10041): Inferred latch for "giocatori_in_campo[6].numero_dadi_in_mano[1]" at Perudo_Datapath.vhd(97)
Info (10041): Inferred latch for "giocatori_in_campo[6].numero_dadi_in_mano[2]" at Perudo_Datapath.vhd(97)
Info (10041): Inferred latch for "giocatori_in_campo[5].numero_dadi_in_mano[0]" at Perudo_Datapath.vhd(97)
Info (10041): Inferred latch for "giocatori_in_campo[5].numero_dadi_in_mano[1]" at Perudo_Datapath.vhd(97)
Info (10041): Inferred latch for "giocatori_in_campo[5].numero_dadi_in_mano[2]" at Perudo_Datapath.vhd(97)
Info (10041): Inferred latch for "giocatori_in_campo[4].numero_dadi_in_mano[0]" at Perudo_Datapath.vhd(97)
Info (10041): Inferred latch for "giocatori_in_campo[4].numero_dadi_in_mano[1]" at Perudo_Datapath.vhd(97)
Info (10041): Inferred latch for "giocatori_in_campo[4].numero_dadi_in_mano[2]" at Perudo_Datapath.vhd(97)
Info (10041): Inferred latch for "giocatori_in_campo[3].numero_dadi_in_mano[0]" at Perudo_Datapath.vhd(97)
Info (10041): Inferred latch for "giocatori_in_campo[3].numero_dadi_in_mano[1]" at Perudo_Datapath.vhd(97)
Info (10041): Inferred latch for "giocatori_in_campo[3].numero_dadi_in_mano[2]" at Perudo_Datapath.vhd(97)
Info (10041): Inferred latch for "giocatori_in_campo[2].numero_dadi_in_mano[0]" at Perudo_Datapath.vhd(97)
Info (10041): Inferred latch for "giocatori_in_campo[2].numero_dadi_in_mano[1]" at Perudo_Datapath.vhd(97)
Info (10041): Inferred latch for "giocatori_in_campo[2].numero_dadi_in_mano[2]" at Perudo_Datapath.vhd(97)
Info (10041): Inferred latch for "giocatori_in_campo[1].numero_dadi_in_mano[0]" at Perudo_Datapath.vhd(97)
Info (10041): Inferred latch for "giocatori_in_campo[1].numero_dadi_in_mano[1]" at Perudo_Datapath.vhd(97)
Info (10041): Inferred latch for "giocatori_in_campo[1].numero_dadi_in_mano[2]" at Perudo_Datapath.vhd(97)
Info (10041): Inferred latch for "giocatori_in_campo[0].numero_dadi_in_mano[0]" at Perudo_Datapath.vhd(97)
Info (10041): Inferred latch for "giocatori_in_campo[0].numero_dadi_in_mano[1]" at Perudo_Datapath.vhd(97)
Info (10041): Inferred latch for "giocatori_in_campo[0].numero_dadi_in_mano[2]" at Perudo_Datapath.vhd(97)
Info (10041): Inferred latch for "PARTITA_INIZIATA" at Perudo_Datapath.vhd(80)
Error (10028): Can't resolve multiple constant drivers for net "TURNO_GIOCATORE" at Perudo_Datapath.vhd(135) File: H:/Ingegneria Informatica/Ingegneria Informatica M/Sistemi Digitali/Progetto Perudo/Perudo_FPGA/Simulazione componenti/Perudo_Datapath.vhd Line: 135
Error (10029): Constant driver at Perudo_Datapath.vhd(121) File: H:/Ingegneria Informatica/Ingegneria Informatica M/Sistemi Digitali/Progetto Perudo/Perudo_FPGA/Simulazione componenti/Perudo_Datapath.vhd Line: 121
Error (10028): Can't resolve multiple constant drivers for net "PARTITA_INIZIATA" at Perudo_Datapath.vhd(130) File: H:/Ingegneria Informatica/Ingegneria Informatica M/Sistemi Digitali/Progetto Perudo/Perudo_FPGA/Simulazione componenti/Perudo_Datapath.vhd Line: 130
Error (10029): Constant driver at Perudo_Datapath.vhd(80) File: H:/Ingegneria Informatica/Ingegneria Informatica M/Sistemi Digitali/Progetto Perudo/Perudo_FPGA/Simulazione componenti/Perudo_Datapath.vhd Line: 80
Error (10028): Can't resolve multiple constant drivers for net "giocatori_in_campo[0].dadi_in_mano[0].UNO" at Perudo_Datapath.vhd(176) File: H:/Ingegneria Informatica/Ingegneria Informatica M/Sistemi Digitali/Progetto Perudo/Perudo_FPGA/Simulazione componenti/Perudo_Datapath.vhd Line: 176
Error (10029): Constant driver at Perudo_Datapath.vhd(97) File: H:/Ingegneria Informatica/Ingegneria Informatica M/Sistemi Digitali/Progetto Perudo/Perudo_FPGA/Simulazione componenti/Perudo_Datapath.vhd Line: 97
Error (10028): Can't resolve multiple constant drivers for net "giocatori_in_campo[0].dadi_in_mano[0].DUE" at Perudo_Datapath.vhd(176) File: H:/Ingegneria Informatica/Ingegneria Informatica M/Sistemi Digitali/Progetto Perudo/Perudo_FPGA/Simulazione componenti/Perudo_Datapath.vhd Line: 176
Error (10028): Can't resolve multiple constant drivers for net "giocatori_in_campo[0].dadi_in_mano[0].TRE" at Perudo_Datapath.vhd(176) File: H:/Ingegneria Informatica/Ingegneria Informatica M/Sistemi Digitali/Progetto Perudo/Perudo_FPGA/Simulazione componenti/Perudo_Datapath.vhd Line: 176
Error (10028): Can't resolve multiple constant drivers for net "giocatori_in_campo[0].dadi_in_mano[0].QUATTRO" at Perudo_Datapath.vhd(176) File: H:/Ingegneria Informatica/Ingegneria Informatica M/Sistemi Digitali/Progetto Perudo/Perudo_FPGA/Simulazione componenti/Perudo_Datapath.vhd Line: 176
Error (10028): Can't resolve multiple constant drivers for net "giocatori_in_campo[0].dadi_in_mano[0].CINQUE" at Perudo_Datapath.vhd(176) File: H:/Ingegneria Informatica/Ingegneria Informatica M/Sistemi Digitali/Progetto Perudo/Perudo_FPGA/Simulazione componenti/Perudo_Datapath.vhd Line: 176
Error (10028): Can't resolve multiple constant drivers for net "giocatori_in_campo[0].dadi_in_mano[0].SEI" at Perudo_Datapath.vhd(176) File: H:/Ingegneria Informatica/Ingegneria Informatica M/Sistemi Digitali/Progetto Perudo/Perudo_FPGA/Simulazione componenti/Perudo_Datapath.vhd Line: 176
Error (10028): Can't resolve multiple constant drivers for net "giocatori_in_campo[0].dadi_in_mano[0].NONE" at Perudo_Datapath.vhd(176) File: H:/Ingegneria Informatica/Ingegneria Informatica M/Sistemi Digitali/Progetto Perudo/Perudo_FPGA/Simulazione componenti/Perudo_Datapath.vhd Line: 176
Error (10028): Can't resolve multiple constant drivers for net "giocatori_in_campo[0].dadi_in_mano[1].UNO" at Perudo_Datapath.vhd(176) File: H:/Ingegneria Informatica/Ingegneria Informatica M/Sistemi Digitali/Progetto Perudo/Perudo_FPGA/Simulazione componenti/Perudo_Datapath.vhd Line: 176
Error (10028): Can't resolve multiple constant drivers for net "giocatori_in_campo[0].dadi_in_mano[1].DUE" at Perudo_Datapath.vhd(176) File: H:/Ingegneria Informatica/Ingegneria Informatica M/Sistemi Digitali/Progetto Perudo/Perudo_FPGA/Simulazione componenti/Perudo_Datapath.vhd Line: 176
Error (10028): Can't resolve multiple constant drivers for net "giocatori_in_campo[0].dadi_in_mano[1].TRE" at Perudo_Datapath.vhd(176) File: H:/Ingegneria Informatica/Ingegneria Informatica M/Sistemi Digitali/Progetto Perudo/Perudo_FPGA/Simulazione componenti/Perudo_Datapath.vhd Line: 176
Error (10028): Can't resolve multiple constant drivers for net "giocatori_in_campo[0].dadi_in_mano[1].QUATTRO" at Perudo_Datapath.vhd(176) File: H:/Ingegneria Informatica/Ingegneria Informatica M/Sistemi Digitali/Progetto Perudo/Perudo_FPGA/Simulazione componenti/Perudo_Datapath.vhd Line: 176
Error (10028): Can't resolve multiple constant drivers for net "giocatori_in_campo[0].dadi_in_mano[1].CINQUE" at Perudo_Datapath.vhd(176) File: H:/Ingegneria Informatica/Ingegneria Informatica M/Sistemi Digitali/Progetto Perudo/Perudo_FPGA/Simulazione componenti/Perudo_Datapath.vhd Line: 176
Error (10028): Can't resolve multiple constant drivers for net "giocatori_in_campo[0].dadi_in_mano[1].SEI" at Perudo_Datapath.vhd(176) File: H:/Ingegneria Informatica/Ingegneria Informatica M/Sistemi Digitali/Progetto Perudo/Perudo_FPGA/Simulazione componenti/Perudo_Datapath.vhd Line: 176
Error (10028): Can't resolve multiple constant drivers for net "giocatori_in_campo[0].dadi_in_mano[1].NONE" at Perudo_Datapath.vhd(176) File: H:/Ingegneria Informatica/Ingegneria Informatica M/Sistemi Digitali/Progetto Perudo/Perudo_FPGA/Simulazione componenti/Perudo_Datapath.vhd Line: 176
Error (12153): Can't elaborate top-level user hierarchy
Error: Quartus II 32-bit Analysis & Synthesis was unsuccessful. 20 errors, 41 warnings
    Error: Peak virtual memory: 394 megabytes
    Error: Processing ended: Wed Feb 27 17:37:39 2019
    Error: Elapsed time: 00:00:03
    Error: Total CPU time (on all processors): 00:00:02


