------------------------------------------------------------
TimeQuest Timing Analyzer Summary
------------------------------------------------------------

Type  : Slow Model Setup 'CLOCK_50'
Slack : -10.407
TNS   : -608.598

Type  : Slow Model Setup 'RESET_N'
Slack : -2.309
TNS   : -22.020

Type  : Slow Model Hold 'CLOCK_50'
Slack : -2.066
TNS   : -17.744

Type  : Slow Model Hold 'RESET_N'
Slack : 1.273
TNS   : 0.000

Type  : Slow Model Recovery 'CLOCK_50'
Slack : 0.478
TNS   : 0.000

Type  : Slow Model Removal 'CLOCK_50'
Slack : -0.645
TNS   : -98.716

Type  : Slow Model Minimum Pulse Width 'CLOCK_50'
Slack : -1.631
TNS   : -209.371

Type  : Slow Model Minimum Pulse Width 'RESET_N'
Slack : 0.500
TNS   : 0.000

Type  : Fast Model Setup 'CLOCK_50'
Slack : -3.372
TNS   : -148.911

Type  : Fast Model Setup 'RESET_N'
Slack : -0.456
TNS   : -3.157

Type  : Fast Model Hold 'CLOCK_50'
Slack : -1.436
TNS   : -20.541

Type  : Fast Model Hold 'RESET_N'
Slack : 0.723
TNS   : 0.000

Type  : Fast Model Recovery 'CLOCK_50'
Slack : 0.559
TNS   : 0.000

Type  : Fast Model Removal 'CLOCK_50'
Slack : -0.376
TNS   : -58.109

Type  : Fast Model Minimum Pulse Width 'CLOCK_50'
Slack : -1.380
TNS   : -171.380

Type  : Fast Model Minimum Pulse Width 'RESET_N'
Slack : 0.500
TNS   : 0.000

------------------------------------------------------------
